Archive member included because of file (symbol)

c:/winavr-20090313/bin/../lib/gcc/avr/4.3.2/avr6\libgcc.a(_udivmodhi4.o)
                              master_with_hold.o (__udivmodhi4)
c:/winavr-20090313/bin/../lib/gcc/avr/4.3.2/avr6\libgcc.a(_exit.o)
                              c:/winavr-20090313/bin/../lib/gcc/avr/4.3.2/../../../../avr/lib/avr6/crtm2560.o (exit)
c:/winavr-20090313/bin/../lib/gcc/avr/4.3.2/avr6\libgcc.a(_clear_bss.o)
                              master_with_hold.o (__do_clear_bss)
c:/winavr-20090313/bin/../lib/gcc/avr/4.3.2/avr6\libgcc.a(_fixunssfsi.o)
                              master_with_hold.o (__fixunssfsi)
c:/winavr-20090313/bin/../lib/gcc/avr/4.3.2/avr6\libgcc.a(_addsub_sf.o)
                              c:/winavr-20090313/bin/../lib/gcc/avr/4.3.2/avr6\libgcc.a(_fixunssfsi.o) (__subsf3)
c:/winavr-20090313/bin/../lib/gcc/avr/4.3.2/avr6\libgcc.a(_div_sf.o)
                              master_with_hold.o (__divsf3)
c:/winavr-20090313/bin/../lib/gcc/avr/4.3.2/avr6\libgcc.a(_ge_sf.o)
                              c:/winavr-20090313/bin/../lib/gcc/avr/4.3.2/avr6\libgcc.a(_fixunssfsi.o) (__gesf2)
c:/winavr-20090313/bin/../lib/gcc/avr/4.3.2/avr6\libgcc.a(_sf_to_si.o)
                              c:/winavr-20090313/bin/../lib/gcc/avr/4.3.2/avr6\libgcc.a(_fixunssfsi.o) (__fixsfsi)
c:/winavr-20090313/bin/../lib/gcc/avr/4.3.2/avr6\libgcc.a(_thenan_sf.o)
                              c:/winavr-20090313/bin/../lib/gcc/avr/4.3.2/avr6\libgcc.a(_addsub_sf.o) (__thenan_sf)
c:/winavr-20090313/bin/../lib/gcc/avr/4.3.2/avr6\libgcc.a(_usi_to_sf.o)
                              master_with_hold.o (__floatunsisf)
c:/winavr-20090313/bin/../lib/gcc/avr/4.3.2/avr6\libgcc.a(_prologue.o)
                              c:/winavr-20090313/bin/../lib/gcc/avr/4.3.2/avr6\libgcc.a(_addsub_sf.o) (__prologue_saves__)
c:/winavr-20090313/bin/../lib/gcc/avr/4.3.2/avr6\libgcc.a(_epilogue.o)
                              c:/winavr-20090313/bin/../lib/gcc/avr/4.3.2/avr6\libgcc.a(_addsub_sf.o) (__epilogue_restores__)
c:/winavr-20090313/bin/../lib/gcc/avr/4.3.2/avr6\libgcc.a(_clzsi2.o)
                              c:/winavr-20090313/bin/../lib/gcc/avr/4.3.2/avr6\libgcc.a(_usi_to_sf.o) (__clzsi2)
c:/winavr-20090313/bin/../lib/gcc/avr/4.3.2/avr6\libgcc.a(_pack_sf.o)
                              c:/winavr-20090313/bin/../lib/gcc/avr/4.3.2/avr6\libgcc.a(_addsub_sf.o) (__pack_f)
c:/winavr-20090313/bin/../lib/gcc/avr/4.3.2/avr6\libgcc.a(_unpack_sf.o)
                              c:/winavr-20090313/bin/../lib/gcc/avr/4.3.2/avr6\libgcc.a(_addsub_sf.o) (__unpack_f)
c:/winavr-20090313/bin/../lib/gcc/avr/4.3.2/avr6\libgcc.a(_fpcmp_parts_sf.o)
                              c:/winavr-20090313/bin/../lib/gcc/avr/4.3.2/avr6\libgcc.a(_ge_sf.o) (__fpcmp_parts_f)
c:/winavr-20090313/bin/../lib/gcc/avr/4.3.2/avr6\libgcc.a(_clz.o)
                              c:/winavr-20090313/bin/../lib/gcc/avr/4.3.2/avr6\libgcc.a(_clzsi2.o) (__clz_tab)
c:/winavr-20090313/bin/../lib/gcc/avr/4.3.2/../../../../avr/lib/avr6\libc.a(malloc.o)
                              master_with_hold.o (malloc)

Allocating common symbols
Common symbol       size              file

map                 0x12c2            master_with_hold.o
arr                 0x2               master_with_hold.o
senser_value_C      0x2               master_with_hold.o
map_link            0x88              master_with_hold.o
Degrees             0x2               master_with_hold.o
million             0x2               master_with_hold.o
arr_master          0x28              master_with_hold.o
temp                0x2               master_with_hold.o
__brkval            0x2               c:/winavr-20090313/bin/../lib/gcc/avr/4.3.2/../../../../avr/lib/avr6\libc.a(malloc.o)
ADC_Value           0x1               master_with_hold.o
tens                0x2               master_with_hold.o
senser_value_L      0x2               master_with_hold.o
choice              0x2               master_with_hold.o
data                0x1               master_with_hold.o
sequence_arr        0x2               master_with_hold.o
arr_slave           0x2               master_with_hold.o
hundred             0x2               master_with_hold.o
__flp               0x2               c:/winavr-20090313/bin/../lib/gcc/avr/4.3.2/../../../../avr/lib/avr6\libc.a(malloc.o)
senser_value_R      0x2               master_with_hold.o
unit                0x2               master_with_hold.o
thousand            0x2               master_with_hold.o
map_angle           0x12c2            master_with_hold.o

Memory Configuration

Name             Origin             Length             Attributes
text             0x00000000         0x00100000         xr
data             0x00800200         0x0000fe00         rw !x
eeprom           0x00810000         0x00010000         rw !x
fuse             0x00820000         0x00000400         rw !x
lock             0x00830000         0x00000400         rw !x
signature        0x00840000         0x00000400         rw !x
*default*        0x00000000         0xffffffff

Linker script and memory map

Address of section .data set to 0x800200
LOAD c:/winavr-20090313/bin/../lib/gcc/avr/4.3.2/../../../../avr/lib/avr6/crtm2560.o
LOAD master_bot.o
LOAD master_with_hold.o
LOAD c:/winavr-20090313/bin/../lib/gcc/avr/4.3.2/avr6\libgcc.a
LOAD c:/winavr-20090313/bin/../lib/gcc/avr/4.3.2/../../../../avr/lib/avr6\libc.a
LOAD c:/winavr-20090313/bin/../lib/gcc/avr/4.3.2/avr6\libgcc.a

.hash
 *(.hash)

.dynsym
 *(.dynsym)

.dynstr
 *(.dynstr)

.gnu.version
 *(.gnu.version)

.gnu.version_d
 *(.gnu.version_d)

.gnu.version_r
 *(.gnu.version_r)

.rel.init
 *(.rel.init)

.rela.init
 *(.rela.init)

.rel.text
 *(.rel.text)
 *(.rel.text.*)
 *(.rel.gnu.linkonce.t*)

.rela.text
 *(.rela.text)
 *(.rela.text.*)
 *(.rela.gnu.linkonce.t*)

.rel.fini
 *(.rel.fini)

.rela.fini
 *(.rela.fini)

.rel.rodata
 *(.rel.rodata)
 *(.rel.rodata.*)
 *(.rel.gnu.linkonce.r*)

.rela.rodata
 *(.rela.rodata)
 *(.rela.rodata.*)
 *(.rela.gnu.linkonce.r*)

.rel.data
 *(.rel.data)
 *(.rel.data.*)
 *(.rel.gnu.linkonce.d*)

.rela.data
 *(.rela.data)
 *(.rela.data.*)
 *(.rela.gnu.linkonce.d*)

.rel.ctors
 *(.rel.ctors)

.rela.ctors
 *(.rela.ctors)

.rel.dtors
 *(.rel.dtors)

.rela.dtors
 *(.rela.dtors)

.rel.got
 *(.rel.got)

.rela.got
 *(.rela.got)

.rel.bss
 *(.rel.bss)

.rela.bss
 *(.rela.bss)

.rel.plt
 *(.rel.plt)

.rela.plt
 *(.rela.plt)

.text           0x00000000     0x2e20
 *(.vectors)
 .vectors       0x00000000       0xe4 c:/winavr-20090313/bin/../lib/gcc/avr/4.3.2/../../../../avr/lib/avr6/crtm2560.o
                0x00000000                __vectors
                0x00000000                __vector_default
 *(.vectors)
 *(.progmem.gcc*)
 *(.progmem*)
                0x000000e4                . = ALIGN (0x2)
                0x000000e4                __trampolines_start = .
 *(.trampolines)
 .trampolines   0x000000e4        0x0 linker stubs
 *(.trampolines*)
                0x000000e4                __trampolines_end = .
 *(.jumptables)
 *(.jumptables*)
 *(.lowtext)
 *(.lowtext*)
                0x000000e4                __ctors_start = .
 *(.ctors)
                0x000000e4                __ctors_end = .
                0x000000e4                __dtors_start = .
 *(.dtors)
                0x000000e4                __dtors_end = .
 SORT(*)(.ctors)
 SORT(*)(.dtors)
 *(.init0)
 .init0         0x000000e4        0x0 c:/winavr-20090313/bin/../lib/gcc/avr/4.3.2/../../../../avr/lib/avr6/crtm2560.o
                0x000000e4                __init
 *(.init0)
 *(.init1)
 *(.init1)
 *(.init2)
 .init2         0x000000e4       0x10 c:/winavr-20090313/bin/../lib/gcc/avr/4.3.2/../../../../avr/lib/avr6/crtm2560.o
 *(.init2)
 *(.init3)
 *(.init3)
 *(.init4)
 .init4         0x000000f4       0x1a c:/winavr-20090313/bin/../lib/gcc/avr/4.3.2/../../../../avr/lib/avr6/crtm2560.o
                0x000000f4                __do_copy_data
 .init4         0x0000010e       0x10 c:/winavr-20090313/bin/../lib/gcc/avr/4.3.2/avr6\libgcc.a(_clear_bss.o)
                0x0000010e                __do_clear_bss
 *(.init4)
 *(.init5)
 *(.init5)
 *(.init6)
 *(.init6)
 *(.init7)
 *(.init7)
 *(.init8)
 *(.init8)
 *(.init9)
 .init9         0x0000011e        0x8 c:/winavr-20090313/bin/../lib/gcc/avr/4.3.2/../../../../avr/lib/avr6/crtm2560.o
 *(.init9)
 *(.text)
 .text          0x00000126        0x4 c:/winavr-20090313/bin/../lib/gcc/avr/4.3.2/../../../../avr/lib/avr6/crtm2560.o
                0x00000126                __vector_38
                0x00000126                __vector_22
                0x00000126                __vector_28
                0x00000126                __vector_1
                0x00000126                __vector_32
                0x00000126                __vector_34
                0x00000126                __vector_24
                0x00000126                __vector_12
                0x00000126                __vector_55
                0x00000126                __vector_46
                0x00000126                __bad_interrupt
                0x00000126                __vector_31
                0x00000126                __vector_35
                0x00000126                __vector_39
                0x00000126                __vector_3
                0x00000126                __vector_23
                0x00000126                __vector_30
                0x00000126                __vector_45
                0x00000126                __vector_11
                0x00000126                __vector_54
                0x00000126                __vector_13
                0x00000126                __vector_17
                0x00000126                __vector_19
                0x00000126                __vector_56
                0x00000126                __vector_7
                0x00000126                __vector_49
                0x00000126                __vector_41
                0x00000126                __vector_43
                0x00000126                __vector_27
                0x00000126                __vector_33
                0x00000126                __vector_47
                0x00000126                __vector_52
                0x00000126                __vector_37
                0x00000126                __vector_4
                0x00000126                __vector_44
                0x00000126                __vector_9
                0x00000126                __vector_2
                0x00000126                __vector_21
                0x00000126                __vector_15
                0x00000126                __vector_36
                0x00000126                __vector_29
                0x00000126                __vector_40
                0x00000126                __vector_8
                0x00000126                __vector_26
                0x00000126                __vector_48
                0x00000126                __vector_14
                0x00000126                __vector_53
                0x00000126                __vector_10
                0x00000126                __vector_50
                0x00000126                __vector_16
                0x00000126                __vector_18
                0x00000126                __vector_20
                0x00000126                __vector_42
 .text          0x0000012a        0x0 master_bot.o
 .text          0x0000012a     0x1f6a master_with_hold.o
                0x000007f4                port_init
                0x000009b4                soft_right
                0x00001a68                heuristic
                0x00000aa8                soft_left_2_degrees
                0x0000115c                print
                0x0000098c                back
                0x000008e2                timer5_init
                0x000007ee                right_encoder_pin_config
                0x00000aba                soft_right_2_degrees
                0x000009be                soft_left_2
                0x0000077e                reverse
                0x000017e0                Move
                0x00000a96                soft_right_degrees
                0x00001a6e                EmptyQueue
                0x00000d06                forward_mm
                0x000007c6                motion_pin_config
                0x0000084e                __vector_6
                0x00001350                mapRun
                0x00000cf8                back_mm
                0x00000fc6                buzzer_pin_config
                0x000009a0                right
                0x00001110                remove_zero
                0x000018e2                DeQueue
                0x000011ce                __vector_25
                0x00000714                extractMin
                0x00000996                left
                0x0000070c                fCostCalc
                0x00000fcc                lcd_port_config
                0x00000acc                init_devices
                0x00000e20                lcd_home
                0x0000012a                IsEmpty
                0x0000082a                left_position_encoder_interrupt_init
                0x00001eba                simulation
                0x00000dde                lcd_wr_char
                0x00000b42                move
                0x00000e28                lcd_string
                0x00000fec                uart0_init
                0x00001034                buzzer_off
                0x00000a84                soft_left_degrees
                0x0000178c                NewNode
                0x00000e7a                lcd_print
                0x00000a68                left_degrees
                0x000016d6                pathFind
                0x00000898                __vector_5
                0x00000982                forward
                0x00000d70                lcd_wr_command
                0x0000100c                uart2_init
                0x0000096c                velocity
                0x00000e42                lcd_cursor
                0x00000a76                right_degrees
                0x00000932                ADC_Conversion
                0x0000179c                EnQueue
                0x000011f6                initial_devices
                0x00000db2                lcd_init
                0x00001f98                main
                0x0000192c                BFS
                0x00001778                NewQueue
                0x0000102c                buzzer_on
                0x0000083c                right_position_encoder_interrupt_init
                0x00001242                __vector_51
                0x000007b8                adc_pin_config
                0x00000918                adc_init
                0x00000976                motion_set
                0x000009aa                soft_left
                0x0000103c                seperate
                0x00000d0c                lcd_set_4bit
                0x00000140                initMap
                0x000007e8                left_encoder_pin_config
                0x000009da                angle_rotate
                0x00000f9a                print_sensor
                0x00000fda                port_initial
                0x000009d2                stop
                0x00000c92                linear_distance_mm
                0x000009c8                soft_right_2
                0x00001a8a                dStar
 .text          0x00002094        0x0 c:/winavr-20090313/bin/../lib/gcc/avr/4.3.2/avr6\libgcc.a(_udivmodhi4.o)
 .text          0x00002094        0x0 c:/winavr-20090313/bin/../lib/gcc/avr/4.3.2/avr6\libgcc.a(_exit.o)
 .text          0x00002094        0x0 c:/winavr-20090313/bin/../lib/gcc/avr/4.3.2/avr6\libgcc.a(_clear_bss.o)
 .text          0x00002094       0x58 c:/winavr-20090313/bin/../lib/gcc/avr/4.3.2/avr6\libgcc.a(_fixunssfsi.o)
                0x00002094                __fixunssfsi
 .text          0x000020ec      0x354 c:/winavr-20090313/bin/../lib/gcc/avr/4.3.2/avr6\libgcc.a(_addsub_sf.o)
                0x00002384                __subsf3
                0x000023e6                __addsf3
 .text          0x00002440      0x158 c:/winavr-20090313/bin/../lib/gcc/avr/4.3.2/avr6\libgcc.a(_div_sf.o)
                0x00002440                __divsf3
 .text          0x00002598       0x60 c:/winavr-20090313/bin/../lib/gcc/avr/4.3.2/avr6\libgcc.a(_ge_sf.o)
                0x00002598                __gesf2
 .text          0x000025f8       0xa8 c:/winavr-20090313/bin/../lib/gcc/avr/4.3.2/avr6\libgcc.a(_sf_to_si.o)
                0x000025f8                __fixsfsi
 .text          0x000026a0        0x0 c:/winavr-20090313/bin/../lib/gcc/avr/4.3.2/avr6\libgcc.a(_thenan_sf.o)
 .text          0x000026a0       0xf2 c:/winavr-20090313/bin/../lib/gcc/avr/4.3.2/avr6\libgcc.a(_usi_to_sf.o)
                0x000026a0                __floatunsisf
 .text          0x00002792        0x0 c:/winavr-20090313/bin/../lib/gcc/avr/4.3.2/avr6\libgcc.a(_prologue.o)
 .text          0x00002792        0x0 c:/winavr-20090313/bin/../lib/gcc/avr/4.3.2/avr6\libgcc.a(_epilogue.o)
 .text          0x00002792       0x9e c:/winavr-20090313/bin/../lib/gcc/avr/4.3.2/avr6\libgcc.a(_clzsi2.o)
                0x00002792                __clzsi2
 .text          0x00002830      0x1aa c:/winavr-20090313/bin/../lib/gcc/avr/4.3.2/avr6\libgcc.a(_pack_sf.o)
                0x00002830                __pack_f
 .text          0x000029da       0xf0 c:/winavr-20090313/bin/../lib/gcc/avr/4.3.2/avr6\libgcc.a(_unpack_sf.o)
                0x000029da                __unpack_f
 .text          0x00002aca       0xb2 c:/winavr-20090313/bin/../lib/gcc/avr/4.3.2/avr6\libgcc.a(_fpcmp_parts_sf.o)
                0x00002aca                __fpcmp_parts_f
 .text          0x00002b7c        0x0 c:/winavr-20090313/bin/../lib/gcc/avr/4.3.2/avr6\libgcc.a(_clz.o)
 .text          0x00002b7c      0x20a c:/winavr-20090313/bin/../lib/gcc/avr/4.3.2/../../../../avr/lib/avr6\libc.a(malloc.o)
                0x00002b7c                malloc
                0x00002cd6                free
                0x00002d86                . = ALIGN (0x2)
 *(.text.*)
 .text.libgcc   0x00002d86       0x28 c:/winavr-20090313/bin/../lib/gcc/avr/4.3.2/avr6\libgcc.a(_udivmodhi4.o)
                0x00002d86                __udivmodhi4
 .text.libgcc   0x00002dae        0x0 c:/winavr-20090313/bin/../lib/gcc/avr/4.3.2/avr6\libgcc.a(_exit.o)
 .text.libgcc   0x00002dae        0x0 c:/winavr-20090313/bin/../lib/gcc/avr/4.3.2/avr6\libgcc.a(_clear_bss.o)
 .text.libgcc   0x00002dae       0x38 c:/winavr-20090313/bin/../lib/gcc/avr/4.3.2/avr6\libgcc.a(_prologue.o)
                0x00002dae                __prologue_saves__
 .text.libgcc   0x00002de6       0x36 c:/winavr-20090313/bin/../lib/gcc/avr/4.3.2/avr6\libgcc.a(_epilogue.o)
                0x00002de6                __epilogue_restores__
                0x00002e1c                . = ALIGN (0x2)
 *(.fini9)
 .fini9         0x00002e1c        0x0 c:/winavr-20090313/bin/../lib/gcc/avr/4.3.2/avr6\libgcc.a(_exit.o)
                0x00002e1c                exit
                0x00002e1c                _exit
 *(.fini9)
 *(.fini8)
 *(.fini8)
 *(.fini7)
 *(.fini7)
 *(.fini6)
 *(.fini6)
 *(.fini5)
 *(.fini5)
 *(.fini4)
 *(.fini4)
 *(.fini3)
 *(.fini3)
 *(.fini2)
 *(.fini2)
 *(.fini1)
 *(.fini1)
 *(.fini0)
 .fini0         0x00002e1c        0x4 c:/winavr-20090313/bin/../lib/gcc/avr/4.3.2/avr6\libgcc.a(_exit.o)
 *(.fini0)
                0x00002e20                _etext = .

.data           0x00800200      0x21e load address 0x00002e20
                0x00800200                PROVIDE (__data_start, .)
 *(.data)
 .data          0x00800200        0x0 c:/winavr-20090313/bin/../lib/gcc/avr/4.3.2/../../../../avr/lib/avr6/crtm2560.o
 .data          0x00800200        0x0 master_bot.o
 .data          0x00800200      0x10f master_with_hold.o
                0x0080030d                count
 .data          0x0080030f        0x0 c:/winavr-20090313/bin/../lib/gcc/avr/4.3.2/avr6\libgcc.a(_udivmodhi4.o)
 .data          0x0080030f        0x0 c:/winavr-20090313/bin/../lib/gcc/avr/4.3.2/avr6\libgcc.a(_exit.o)
 .data          0x0080030f        0x0 c:/winavr-20090313/bin/../lib/gcc/avr/4.3.2/avr6\libgcc.a(_clear_bss.o)
 .data          0x0080030f        0x0 c:/winavr-20090313/bin/../lib/gcc/avr/4.3.2/avr6\libgcc.a(_fixunssfsi.o)
 .data          0x0080030f        0x0 c:/winavr-20090313/bin/../lib/gcc/avr/4.3.2/avr6\libgcc.a(_addsub_sf.o)
 .data          0x0080030f        0x0 c:/winavr-20090313/bin/../lib/gcc/avr/4.3.2/avr6\libgcc.a(_div_sf.o)
 .data          0x0080030f        0x0 c:/winavr-20090313/bin/../lib/gcc/avr/4.3.2/avr6\libgcc.a(_ge_sf.o)
 .data          0x0080030f        0x0 c:/winavr-20090313/bin/../lib/gcc/avr/4.3.2/avr6\libgcc.a(_sf_to_si.o)
 .data          0x0080030f        0x8 c:/winavr-20090313/bin/../lib/gcc/avr/4.3.2/avr6\libgcc.a(_thenan_sf.o)
                0x0080030f                __thenan_sf
 .data          0x00800317        0x0 c:/winavr-20090313/bin/../lib/gcc/avr/4.3.2/avr6\libgcc.a(_usi_to_sf.o)
 .data          0x00800317        0x0 c:/winavr-20090313/bin/../lib/gcc/avr/4.3.2/avr6\libgcc.a(_prologue.o)
 .data          0x00800317        0x0 c:/winavr-20090313/bin/../lib/gcc/avr/4.3.2/avr6\libgcc.a(_epilogue.o)
 .data          0x00800317        0x0 c:/winavr-20090313/bin/../lib/gcc/avr/4.3.2/avr6\libgcc.a(_clzsi2.o)
 .data          0x00800317        0x0 c:/winavr-20090313/bin/../lib/gcc/avr/4.3.2/avr6\libgcc.a(_pack_sf.o)
 .data          0x00800317        0x0 c:/winavr-20090313/bin/../lib/gcc/avr/4.3.2/avr6\libgcc.a(_unpack_sf.o)
 .data          0x00800317        0x0 c:/winavr-20090313/bin/../lib/gcc/avr/4.3.2/avr6\libgcc.a(_fpcmp_parts_sf.o)
 .data          0x00800317      0x100 c:/winavr-20090313/bin/../lib/gcc/avr/4.3.2/avr6\libgcc.a(_clz.o)
                0x00800317                __clz_tab
 .data          0x00800417        0x6 c:/winavr-20090313/bin/../lib/gcc/avr/4.3.2/../../../../avr/lib/avr6\libc.a(malloc.o)
                0x00800419                __malloc_heap_start
                0x0080041b                __malloc_heap_end
                0x00800417                __malloc_margin
 *(.data*)
 *(.rodata)
 *(.rodata*)
 *(.gnu.linkonce.d*)
                0x0080041e                . = ALIGN (0x2)
 *fill*         0x0080041d        0x1 00
                0x0080041e                _edata = .
                0x0080041e                PROVIDE (__data_end, .)

.bss            0x0080041e     0x2670
                0x0080041e                PROVIDE (__bss_start, .)
 *(.bss)
 .bss           0x0080041e        0x0 c:/winavr-20090313/bin/../lib/gcc/avr/4.3.2/../../../../avr/lib/avr6/crtm2560.o
 .bss           0x0080041e        0x0 master_bot.o
 .bss           0x0080041e       0x1a master_with_hold.o
                0x0080042a                AVG
                0x0080042e                right_motor
                0x00800427                Left_white_line
                0x00800426                flag
                0x00800430                Front_ultrasonic_Sensor
                0x00800431                Front_IR_Sensor
                0x00800422                ShaftCountRight
                0x00800432                arr_size
                0x00800429                Right_white_line
                0x00800434                master_size
                0x0080042c                left_motor
                0x00800436                Counter
                0x00800428                Center_white_line
                0x0080041e                ShaftCountLeft
 .bss           0x00800438        0x0 c:/winavr-20090313/bin/../lib/gcc/avr/4.3.2/avr6\libgcc.a(_udivmodhi4.o)
 .bss           0x00800438        0x0 c:/winavr-20090313/bin/../lib/gcc/avr/4.3.2/avr6\libgcc.a(_exit.o)
 .bss           0x00800438        0x0 c:/winavr-20090313/bin/../lib/gcc/avr/4.3.2/avr6\libgcc.a(_clear_bss.o)
 .bss           0x00800438        0x0 c:/winavr-20090313/bin/../lib/gcc/avr/4.3.2/avr6\libgcc.a(_fixunssfsi.o)
 .bss           0x00800438        0x0 c:/winavr-20090313/bin/../lib/gcc/avr/4.3.2/avr6\libgcc.a(_addsub_sf.o)
 .bss           0x00800438        0x0 c:/winavr-20090313/bin/../lib/gcc/avr/4.3.2/avr6\libgcc.a(_div_sf.o)
 .bss           0x00800438        0x0 c:/winavr-20090313/bin/../lib/gcc/avr/4.3.2/avr6\libgcc.a(_ge_sf.o)
 .bss           0x00800438        0x0 c:/winavr-20090313/bin/../lib/gcc/avr/4.3.2/avr6\libgcc.a(_sf_to_si.o)
 .bss           0x00800438        0x0 c:/winavr-20090313/bin/../lib/gcc/avr/4.3.2/avr6\libgcc.a(_thenan_sf.o)
 .bss           0x00800438        0x0 c:/winavr-20090313/bin/../lib/gcc/avr/4.3.2/avr6\libgcc.a(_usi_to_sf.o)
 .bss           0x00800438        0x0 c:/winavr-20090313/bin/../lib/gcc/avr/4.3.2/avr6\libgcc.a(_prologue.o)
 .bss           0x00800438        0x0 c:/winavr-20090313/bin/../lib/gcc/avr/4.3.2/avr6\libgcc.a(_epilogue.o)
 .bss           0x00800438        0x0 c:/winavr-20090313/bin/../lib/gcc/avr/4.3.2/avr6\libgcc.a(_clzsi2.o)
 .bss           0x00800438        0x0 c:/winavr-20090313/bin/../lib/gcc/avr/4.3.2/avr6\libgcc.a(_pack_sf.o)
 .bss           0x00800438        0x0 c:/winavr-20090313/bin/../lib/gcc/avr/4.3.2/avr6\libgcc.a(_unpack_sf.o)
 .bss           0x00800438        0x0 c:/winavr-20090313/bin/../lib/gcc/avr/4.3.2/avr6\libgcc.a(_fpcmp_parts_sf.o)
 .bss           0x00800438        0x0 c:/winavr-20090313/bin/../lib/gcc/avr/4.3.2/avr6\libgcc.a(_clz.o)
 .bss           0x00800438        0x0 c:/winavr-20090313/bin/../lib/gcc/avr/4.3.2/../../../../avr/lib/avr6\libc.a(malloc.o)
 *(.bss*)
 *(COMMON)
 COMMON         0x00800438     0x2652 master_with_hold.o
                0x00800438                map
                0x008016fa                arr
                0x008016fc                senser_value_C
                0x008016fe                map_link
                0x00801786                Degrees
                0x00801788                million
                0x0080178a                arr_master
                0x008017b2                temp
                0x008017b4                ADC_Value
                0x008017b5                tens
                0x008017b7                senser_value_L
                0x008017b9                choice
                0x008017bb                data
                0x008017bc                sequence_arr
                0x008017be                arr_slave
                0x008017c0                hundred
                0x008017c2                senser_value_R
                0x008017c4                unit
                0x008017c6                thousand
                0x008017c8                map_angle
 COMMON         0x00802a8a        0x4 c:/winavr-20090313/bin/../lib/gcc/avr/4.3.2/../../../../avr/lib/avr6\libc.a(malloc.o)
                0x00802a8a                __brkval
                0x00802a8c                __flp
                0x00802a8e                PROVIDE (__bss_end, .)
                0x00002e20                __data_load_start = LOADADDR (.data)
                0x0000303e                __data_load_end = (__data_load_start + SIZEOF (.data))

.noinit         0x00802a8e        0x0
                0x00802a8e                PROVIDE (__noinit_start, .)
 *(.noinit*)
                0x00802a8e                PROVIDE (__noinit_end, .)
                0x00802a8e                _end = .
                0x00802a8e                PROVIDE (__heap_start, .)

.eeprom         0x00810000        0x0
 *(.eeprom*)
                0x00810000                __eeprom_end = .

.fuse
 *(.fuse)
 *(.lfuse)
 *(.hfuse)
 *(.efuse)

.lock
 *(.lock*)

.signature
 *(.signature*)

.stab
 *(.stab)

.stabstr
 *(.stabstr)

.stab.excl
 *(.stab.excl)

.stab.exclstr
 *(.stab.exclstr)

.stab.index
 *(.stab.index)

.stab.indexstr
 *(.stab.indexstr)

.comment
 *(.comment)

.debug
 *(.debug)

.line
 *(.line)

.debug_srcinfo
 *(.debug_srcinfo)

.debug_sfnames
 *(.debug_sfnames)

.debug_aranges  0x00000000       0x20
 *(.debug_aranges)
 .debug_aranges
                0x00000000       0x20 master_with_hold.o

.debug_pubnames
                0x00000000      0x6bb
 *(.debug_pubnames)
 .debug_pubnames
                0x00000000      0x6bb master_with_hold.o

.debug_info     0x00000000     0x2608
 *(.debug_info)
 .debug_info    0x00000000        0x0 master_bot.o
 .debug_info    0x00000000     0x2608 master_with_hold.o
 *(.gnu.linkonce.wi.*)

.debug_abbrev   0x00000000      0x40d
 *(.debug_abbrev)
 .debug_abbrev  0x00000000        0x1 master_bot.o
 .debug_abbrev  0x00000001      0x40c master_with_hold.o

.debug_line     0x00000000     0x21e5
 *(.debug_line)
 .debug_line    0x00000000       0x24 master_bot.o
 .debug_line    0x00000024     0x21c1 master_with_hold.o

.debug_frame    0x00000000      0x4c0
 *(.debug_frame)
 .debug_frame   0x00000000      0x4c0 master_with_hold.o

.debug_str      0x00000000      0x6a3
 *(.debug_str)
 .debug_str     0x00000000      0x6a3 master_with_hold.o
                                0x724 (size before relaxing)

.debug_loc      0x00000000     0x106b
 *(.debug_loc)
 .debug_loc     0x00000000     0x106b master_with_hold.o

.debug_macinfo
 *(.debug_macinfo)
OUTPUT(master_bot.elf elf32-avr)
LOAD linker stubs

.debug_ranges   0x00000000      0x140
 .debug_ranges  0x00000000      0x140 master_with_hold.o
